// Jest Snapshot v1, https://goo.gl/fbAQLP

exports[`renders without crashing 1`] = `
<DocumentFragment>
  <div
    class=""
  >
    <h1>
      Wallet View
    </h1>
    <span
      class="loading loading-ring"
    />
  </div>
</DocumentFragment>
`;
